// Vitest Snapshot v1

exports[`color > should create the right color variables 1`] = `
"* {
--vmu-color-primary: 103, 80, 164;
 --vmu-color-on-primary: 255, 255, 255;
 --vmu-color-primary-container: 233, 221, 255;
 --vmu-color-on-primary-container: 34, 0, 93;
 --vmu-color-secondary: 98, 91, 113;
 --vmu-color-on-secondary: 255, 255, 255;
 --vmu-color-secondary-container: 232, 222, 248;
 --vmu-color-on-secondary-container: 30, 25, 43;
 --vmu-color-tertiary: 126, 82, 96;
 --vmu-color-on-tertiary: 255, 255, 255;
 --vmu-color-tertiary-container: 255, 217, 227;
 --vmu-color-on-tertiary-container: 49, 16, 29;
 --vmu-color-error: 186, 26, 26;
 --vmu-color-on-error: 255, 255, 255;
 --vmu-color-error-container: 255, 218, 214;
 --vmu-color-on-error-container: 65, 0, 2;
 --vmu-color-background: 255, 251, 255;
 --vmu-color-on-background: 28, 27, 30;
 --vmu-color-surface: 255, 251, 255;
 --vmu-color-on-surface: 28, 27, 30;
 --vmu-color-surface-variant: 231, 224, 235;
 --vmu-color-on-surface-variant: 73, 69, 78;
 --vmu-color-outline: 122, 117, 127;
 --vmu-color-outline-variant: 202, 196, 207;
 --vmu-color-shadow: 0, 0, 0;
 --vmu-color-scrim: 0, 0, 0;
 --vmu-color-inverse-surface: 49, 48, 51;
 --vmu-color-inverse-on-surface: 244, 239, 244;
 --vmu-color-inverse-primary: 207, 188, 255;

--vmu-color-disabled: 31, 31, 31}"
`;
